Anshul Tiwari

pune
Mumbai
delhi
Lyshsu